// Jest Snapshot v1, https://goo.gl/fbAQLP

exports[`AspectRatio render 1`] = `
<DocumentFragment>
  <div
    class="outer"
    style="padding-bottom: 75%;"
  >
    <div
      class="inner"
    >
      <img
        alt="random"
        src="https://picsum.photos/200"
        style="object-fit: cover;"
      />
    </div>
  </div>
</DocumentFragment>
`;
