// Jest Snapshot v1, https://goo.gl/fbAQLP

exports[`Grid render 1`] = `
<DocumentFragment>
  <div
    class="sc-bcXGCL hBRdus"
  >
    <header
      class="sc-gswONk edmYDt"
    />
    <main
      class="sc-dkrGBB kiJsPC"
    />
    <footer
      class="sc-hLBatu kipbfb"
    />
  </div>
</DocumentFragment>
`;
